TLC2 Version 2026.07.09.134028 (rev: 227f61b)
Warning: Please run the Java VM, which executes TLC with a throughput optimized garbage collector, by passing the "-XX:+UseParallelGC" property.
(Use the -nowarning option to disable this warning.)
Running breadth-first search Model-Checking with fp 72 and seed -1239771283184524503 with 1 worker on 10 cores with 4096MB heap and 64MB offheap memory [pid: 3342] (Mac OS X 26.5.1 aarch64, Eclipse Adoptium 21.0.11 64bit, MSBDiskFPSet, DiskStateQueue).
Parsing file /Users/sukhmangill/Documents/GitHub/Independent Benchmark and Reviewer-Closure Framework for L-DREA/formal/ExternalizationMonitor.tla
Parsing file /private/var/folders/90/4v175g956yq6mltqwl80p7fw0000gn/T/tlc-17642950720135188935/Naturals.tla (jar:file:/Users/sukhmangill/.ldrea_tla/tla2tools.jar!/tla2sany/StandardModules/Naturals.tla)
Parsing file /private/var/folders/90/4v175g956yq6mltqwl80p7fw0000gn/T/tlc-17642950720135188935/Sequences.tla (jar:file:/Users/sukhmangill/.ldrea_tla/tla2tools.jar!/tla2sany/StandardModules/Sequences.tla)
Parsing file /private/var/folders/90/4v175g956yq6mltqwl80p7fw0000gn/T/tlc-17642950720135188935/FiniteSets.tla (jar:file:/Users/sukhmangill/.ldrea_tla/tla2tools.jar!/tla2sany/StandardModules/FiniteSets.tla)
Parsing file /private/var/folders/90/4v175g956yq6mltqwl80p7fw0000gn/T/tlc-17642950720135188935/_TLCTrace.tla (jar:file:/Users/sukhmangill/.ldrea_tla/tla2tools.jar!/tla2sany/StandardModules/_TLCTrace.tla)
Parsing file /private/var/folders/90/4v175g956yq6mltqwl80p7fw0000gn/T/tlc-17642950720135188935/TLC.tla (jar:file:/Users/sukhmangill/.ldrea_tla/tla2tools.jar!/tla2sany/StandardModules/TLC.tla)
Parsing file /private/var/folders/90/4v175g956yq6mltqwl80p7fw0000gn/T/tlc-17642950720135188935/TLCExt.tla (jar:file:/Users/sukhmangill/.ldrea_tla/tla2tools.jar!/tla2sany/StandardModules/TLCExt.tla)
Parsing file /private/var/folders/90/4v175g956yq6mltqwl80p7fw0000gn/T/tlc-17642950720135188935/Integers.tla (jar:file:/Users/sukhmangill/.ldrea_tla/tla2tools.jar!/tla2sany/StandardModules/Integers.tla)
Semantic processing of module Naturals
Semantic processing of module Sequences
Semantic processing of module FiniteSets
Semantic processing of module TLC
Semantic processing of module Integers
Semantic processing of module TLCExt
Semantic processing of module _TLCTrace
Semantic processing of module ExternalizationMonitor
Linting of module TLCExt
Linting of module _TLCTrace
Linting of module ExternalizationMonitor
Starting... (2026-07-11 23:07:15)
Computing initial states...
Finished computing initial states: 2 distinct states generated at 2026-07-11 23:07:15.
Model checking completed. No error has been found.
  Estimates of the probability that TLC did not check all reachable states
  because two distinct states had the same fingerprint:
  calculated (optimistic):  val = 2.8E-9
  based on the actual fingerprints:  val = 4.5E-12
1340006 states generated, 40192 distinct states found, 0 states left on queue.
The depth of the complete state graph search is 6.
The average outdegree of the complete state graph is 1 (minimum is 0, the maximum 31 and the 95th percentile is 2).
Finished in 02s at (2026-07-11 23:07:17)
